### qualifiers.hpp (rvalue-qualified methods)
qualifiers.hpp:54:48: warning: apiary: method 'value' is && qualified, so it is bound through a lambda that moves from the object. After calling it the Python object is in a moved-from state, which nothing in Python will indicate. [moved-from-self]
qualifiers.hpp:58:54: warning: apiary: method 'value' is const && qualified, so it is bound through a lambda that moves from the object. After calling it the Python object is in a moved-from state, which nothing in Python will indicate. [moved-from-self]
apiary: 0 diagnostic error(s), 2 warning(s)

### variadic_pack.hpp (parameter packs - expanded, so silent)

### skipped-entity, opt-in (default is ignored)
rest_shapes.hpp:303:44: note: apiary: templated free function 'einsums::fixture::accumulate' is annotated but has no @instantiate_as directive, so nothing is bound for it. [skipped-entity]

### names Python cannot spell (refused, not emitted)
unbindable.hpp:9:21: error: apiary: function 'einsums::fixture::operator*' binds as 'operator*', which is not a Python identifier; nothing is bound for it. Give it an APIARY_RENAME, or APIARY_OPERATOR if it is an operator on a class. [invalid-python-name]
unbindable.hpp:7:25: error: apiary: method 'einsums::fixture::Money::operator-' binds as 'operator-', which is not a Python identifier; nothing is bound for it. Give it an APIARY_RENAME, or APIARY_OPERATOR if it is an operator on a class. [invalid-python-name]
apiary: 2 diagnostic error(s), 0 warning(s)
apiary: 2 error(s); refusing to write the generated file.

### a check silenced
