### qualifiers.hpp (rvalue-qualified methods)
qualifiers.hpp:54:48: warning: apiary: method 'value' is && qualified, so it is bound through a lambda that moves from the object. After calling it the Python object is in a moved-from state, which nothing in Python will indicate. [moved-from-self]
qualifiers.hpp:58:54: warning: apiary: method 'value' is const && qualified, so it is bound through a lambda that moves from the object. After calling it the Python object is in a moved-from state, which nothing in Python will indicate. [moved-from-self]
apiary: 0 diagnostic error(s), 2 warning(s)

### variadic_pack.hpp (parameter packs - expanded, so silent)

### skipped-entity, opt-in (default is ignored)
rest_shapes.hpp:223:44: note: apiary: templated free function 'einsums::fixture::accumulate' is annotated but has no @instantiate_as directive, so nothing is bound for it. [skipped-entity]

### a check silenced
