doc_drift.hpp:10:6: warning: compute: parameter 'b' is undocumented [missing-param]
doc_drift.hpp:10:6: warning: compute: @return documented on a void function [returns-on-void]
doc_drift.hpp:10:6: error: compute: @param 'c' does not name a parameter [unknown-param]
doc_drift.hpp:20:3: warning: transform: @throws with no exception type [malformed-throws]
doc_drift.hpp:20:3: warning: transform: template parameter 'T' is undocumented [missing-tparam]
doc_drift.hpp:20:3: error: transform: @tparam 'U' does not name a template parameter [unknown-tparam]
doc_drift.hpp:33:10: warning: Widget::resize: parameter 'h' is undocumented [missing-param]
doc_drift.hpp:40:9: warning: MAX: parameter 'b' is undocumented [missing-param]
doc_drift.hpp:40:9: error: MAX: @param 'z' does not name a parameter [unknown-param]
